
Linker Version 8.7.6.180315
Input Object File: C:\Users\IIIT\Desktop\ADXL345\try1\ADXL345_SPI\ADXL345_SPI.OBJ
Input Object File: C:\Users\IIIT\Desktop\ADXL345\try1\ADXL345_SPI\STARTUP1_L.OBJ

Input Library File: C:\Program Files\Holtek MCU Development Tools\HT-IDE3000V7.x\LIB\LIBHOLTEKGCC.LIB
Input Library File: C:\Program Files\Holtek MCU Development Tools\HT-IDE3000V7.x\LIB\v3_lmrmc.lib


     Bank    Start     End      Length     Class    AvgIns    Name
     00h     0000h     0001h    0002h      CODE               @code (C:\Users\IIIT\Desktop\ADXL345\try1\ADXL345_SPI\ADXL345_SPI.OBJ)
     00h     0002h     003eh    003dh      CODE               @start (C:\Users\IIIT\Desktop\ADXL345\try1\ADXL345_SPI\ADXL345_SPI.OBJ)
     00h     003fh     0043h    0005h      CODE               itodaz (C:\Program Files\Holtek MCU Development Tools\HT-IDE3000V7.x\LIB\LIBHOLTEKGCC.LIB)
     00h     0044h     005bh    0018h      CODE               @builtin_holtek_dtdecode (C:\Program Files\Holtek MCU Development Tools\HT-IDE3000V7.x\LIB\LIBHOLTEKGCC.LIB)
     00h     005ch     009bh    0040h      CODE               _builtin_holtek_dtmul (C:\Program Files\Holtek MCU Development Tools\HT-IDE3000V7.x\LIB\LIBHOLTEKGCC.LIB)
     00h     009ch     00cfh    0034h      CODE               _builtin_holtek_dtnorm (C:\Program Files\Holtek MCU Development Tools\HT-IDE3000V7.x\LIB\LIBHOLTEKGCC.LIB)
     00h     00d0h     00d6h    0007h      CODE               _builtin_holtek_dtinf (C:\Program Files\Holtek MCU Development Tools\HT-IDE3000V7.x\LIB\LIBHOLTEKGCC.LIB)
     00h     00d7h     00d9h    0003h      CODE               _CROM2PROM (CROM2PROM)
     00h     00dah     00e3h    000ah      CODE               __SPI_SCL (C:\Users\IIIT\Desktop\ADXL345\try1\ADXL345_SPI\ADXL345_SPI.OBJ)
     00h     00e4h     00efh    000ch      CODE               __SPI_CS (C:\Users\IIIT\Desktop\ADXL345\try1\ADXL345_SPI\ADXL345_SPI.OBJ)
     00h     00f0h     013dh    004eh      CODE               _ADXL345_SPI_Read (C:\Users\IIIT\Desktop\ADXL345\try1\ADXL345_SPI\ADXL345_SPI.OBJ)
     00h     013eh     018dh    0050h      CODE               _ADXL345_SPI_Write (C:\Users\IIIT\Desktop\ADXL345\try1\ADXL345_SPI\ADXL345_SPI.OBJ)
     00h     018eh     019bh    000eh      CODE               _builtin_holtek_delay_isr00 (C:\Program Files\Holtek MCU Development Tools\HT-IDE3000V7.x\LIB\LIBHOLTEKGCC.LIB)
     00h     019ch     01ach    0011h      CODE               _delay_ms (C:\Users\IIIT\Desktop\ADXL345\try1\ADXL345_SPI\ADXL345_SPI.OBJ)
     00h     01adh     01cdh    0021h      CODE               _PinSet (C:\Users\IIIT\Desktop\ADXL345\try1\ADXL345_SPI\ADXL345_SPI.OBJ)
     00h     01ceh     034eh    0181h      CODE               _main (C:\Users\IIIT\Desktop\ADXL345\try1\ADXL345_SPI\ADXL345_SPI.OBJ)
     00h     034fh     0359h    000bh      CODE               _LCD_Senddata (C:\Users\IIIT\Desktop\ADXL345\try1\ADXL345_SPI\ADXL345_SPI.OBJ)
     00h     035ah     0372h    0019h      CODE               _builtin_holtek_divmodqi4_isr00 (C:\Program Files\Holtek MCU Development Tools\HT-IDE3000V7.x\LIB\LIBHOLTEKGCC.LIB)
     00h     0373h     03a9h    0037h      CODE               _PrintLCD (C:\Users\IIIT\Desktop\ADXL345\try1\ADXL345_SPI\ADXL345_SPI.OBJ)
     00h     03aah     03b4h    000bh      CODE               _LCD_Cmd (C:\Users\IIIT\Desktop\ADXL345\try1\ADXL345_SPI\ADXL345_SPI.OBJ)
     00h     03b5h     03bfh    000bh      CODE               _LCD_Reset (C:\Users\IIIT\Desktop\ADXL345\try1\ADXL345_SPI\ADXL345_SPI.OBJ)
     00h     03c0h     03d3h    0014h      CODE               _Delay100us (C:\Users\IIIT\Desktop\ADXL345\try1\ADXL345_SPI\ADXL345_SPI.OBJ)
     00h     03d4h     03d9h    0006h      CODE               @ROMDATA_BASE (C:\Users\IIIT\Desktop\ADXL345\try1\ADXL345_SPI\STARTUP1_L.OBJ)
     00h     0080h     0080h    0001h      DATA     45        @data_ra (C:\Program Files\Holtek MCU Development Tools\HT-IDE3000V7.x\LIB\LIBHOLTEKGCC.LIB)
     00h     0081h     0081h    0001h      DATA     47        @data_rb (C:\Program Files\Holtek MCU Development Tools\HT-IDE3000V7.x\LIB\LIBHOLTEKGCC.LIB)
     00h     0082h     0082h    0001h      DATA     34        @data_rc (C:\Program Files\Holtek MCU Development Tools\HT-IDE3000V7.x\LIB\LIBHOLTEKGCC.LIB)
     00h     0083h     0083h    0001h      DATA     24        @data_rd (C:\Program Files\Holtek MCU Development Tools\HT-IDE3000V7.x\LIB\LIBHOLTEKGCC.LIB)
     00h     0084h     0084h    0001h      DATA     24        @data_re (C:\Program Files\Holtek MCU Development Tools\HT-IDE3000V7.x\LIB\LIBHOLTEKGCC.LIB)
     00h     0085h     0085h    0001h      DATA     18        @data_rf (C:\Program Files\Holtek MCU Development Tools\HT-IDE3000V7.x\LIB\LIBHOLTEKGCC.LIB)
     00h     0086h     0086h    0001h      DATA     18        @data_rg (C:\Program Files\Holtek MCU Development Tools\HT-IDE3000V7.x\LIB\LIBHOLTEKGCC.LIB)
     00h     0087h     008ch    0006h      DATA     15.5      ftdata1 (C:\Program Files\Holtek MCU Development Tools\HT-IDE3000V7.x\LIB\LIBHOLTEKGCC.LIB)
     00h     008dh     008fh    0003h      DATA     12.667    dtdata (C:\Program Files\Holtek MCU Development Tools\HT-IDE3000V7.x\LIB\LIBHOLTEKGCC.LIB)
     00h     0090h     0096h    0007h      DATA     5.4286    ftdata2 (C:\Program Files\Holtek MCU Development Tools\HT-IDE3000V7.x\LIB\LIBHOLTEKGCC.LIB)
     00h     00a6h     00a6h    0001h      DATA     3         @HCCINIT_DATAX0 (C:\Users\IIIT\Desktop\ADXL345\try1\ADXL345_SPI\ADXL345_SPI.OBJ)
     00h     00a7h     00a7h    0001h      DATA     1         @HCCINIT_DATAZ1 (C:\Users\IIIT\Desktop\ADXL345\try1\ADXL345_SPI\ADXL345_SPI.OBJ)
     00h     00a8h     00a8h    0001h      DATA     1         @HCCINIT_DATAY1 (C:\Users\IIIT\Desktop\ADXL345\try1\ADXL345_SPI\ADXL345_SPI.OBJ)
     00h     00a9h     00a9h    0001h      DATA     1         @HCCINIT_DATAX1 (C:\Users\IIIT\Desktop\ADXL345\try1\ADXL345_SPI\ADXL345_SPI.OBJ)
     00h     00aah     00aah    0001h      DATA     0         @HCCINIT_DATAZ0 (C:\Users\IIIT\Desktop\ADXL345\try1\ADXL345_SPI\ADXL345_SPI.OBJ)
     00h     00abh     00abh    0001h      DATA     0         @HCCINIT_DATAY0 (C:\Users\IIIT\Desktop\ADXL345\try1\ADXL345_SPI\ADXL345_SPI.OBJ)
     00h     00ach     00ach    0001h      DATA     6         @HCCINIT0_i (C:\Users\IIIT\Desktop\ADXL345\try1\ADXL345_SPI\ADXL345_SPI.OBJ)
     00h     00adh     00aeh    0002h      DATA     1         @HCCINIT0_deviceID (C:\Users\IIIT\Desktop\ADXL345\try1\ADXL345_SPI\ADXL345_SPI.OBJ)
     00h     00afh     00d6h    0028h      DATA     0         @HCCINIT0_z (C:\Users\IIIT\Desktop\ADXL345\try1\ADXL345_SPI\ADXL345_SPI.OBJ)
     00h     00d7h     00feh    0028h      DATA     0         @HCCINIT0_y (C:\Users\IIIT\Desktop\ADXL345\try1\ADXL345_SPI\ADXL345_SPI.OBJ)
     01h     0080h     00a7h    0028h      DATA     0         @HCCINIT0_x (C:\Users\IIIT\Desktop\ADXL345\try1\ADXL345_SPI\ADXL345_SPI.OBJ)

     Local Sections

     Bank    Start     End      Length     Class    AvgIns    Name
     00h     00a6h     00a6h    0000h      LOCAL    0         @dummy (C:\Users\IIIT\Desktop\ADXL345\try1\ADXL345_SPI\ADXL345_SPI.OBJ)
     00h     009dh     00a5h    0009h      LOCAL    4.1111    _main (C:\Users\IIIT\Desktop\ADXL345\try1\ADXL345_SPI\ADXL345_SPI.OBJ)
     00h     0097h     0097h    0000h      LOCAL    0         _PinSet (C:\Users\IIIT\Desktop\ADXL345\try1\ADXL345_SPI\ADXL345_SPI.OBJ)
     00h     0098h     0098h    0001h      LOCAL    2         _delay_ms (C:\Users\IIIT\Desktop\ADXL345\try1\ADXL345_SPI\ADXL345_SPI.OBJ)
     00h     0097h     0097h    0001h      LOCAL    2         _builtin_holtek_delay_isr00 (C:\Program Files\Holtek MCU Development Tools\HT-IDE3000V7.x\LIB\LIBHOLTEKGCC.LIB)
     00h     0099h     009ch    0004h      LOCAL    4.25      _ADXL345_SPI_Write (C:\Users\IIIT\Desktop\ADXL345\try1\ADXL345_SPI\ADXL345_SPI.OBJ)
     00h     0097h     0098h    0002h      LOCAL    4.5       __SPI_CS (C:\Users\IIIT\Desktop\ADXL345\try1\ADXL345_SPI\ADXL345_SPI.OBJ)
     00h     0097h     0098h    0002h      LOCAL    9.5       __SPI_SCL (C:\Users\IIIT\Desktop\ADXL345\try1\ADXL345_SPI\ADXL345_SPI.OBJ)
     00h     0099h     009ch    0004h      LOCAL    3.75      _ADXL345_SPI_Read (C:\Users\IIIT\Desktop\ADXL345\try1\ADXL345_SPI\ADXL345_SPI.OBJ)
     00h     0097h     0097h    0000h      LOCAL    0         _builtin_holtek_uitod (C:\Program Files\Holtek MCU Development Tools\HT-IDE3000V7.x\LIB\LIBHOLTEKGCC.LIB)
     00h     0097h     0097h    0000h      LOCAL    0         _Crom2Prom (CROM2PROM)
     00h     0097h     0097h    0000h      LOCAL    0         _builtin_holtek_dtmul (C:\Program Files\Holtek MCU Development Tools\HT-IDE3000V7.x\LIB\LIBHOLTEKGCC.LIB)
     00h     0097h     0097h    0000h      LOCAL    0         _builtin_holtek_dtdecode (C:\Program Files\Holtek MCU Development Tools\HT-IDE3000V7.x\LIB\LIBHOLTEKGCC.LIB)
     00h     009ah     009ah    0000h      LOCAL    0         _LCD_Reset (C:\Users\IIIT\Desktop\ADXL345\try1\ADXL345_SPI\ADXL345_SPI.OBJ)
     00h     0099h     0099h    0001h      LOCAL    1         _LCD_Cmd (C:\Users\IIIT\Desktop\ADXL345\try1\ADXL345_SPI\ADXL345_SPI.OBJ)
     00h     009ch     009ch    0001h      LOCAL    3         _PrintLCD (C:\Users\IIIT\Desktop\ADXL345\try1\ADXL345_SPI\ADXL345_SPI.OBJ)
     00h     0097h     009bh    0005h      LOCAL    7.8       _builtin_holtek_divmodqi4_isr00 (C:\Program Files\Holtek MCU Development Tools\HT-IDE3000V7.x\LIB\LIBHOLTEKGCC.LIB)
     00h     0099h     0099h    0001h      LOCAL    1         _LCD_Senddata (C:\Users\IIIT\Desktop\ADXL345\try1\ADXL345_SPI\ADXL345_SPI.OBJ)

     Indepentent Local Sections

     Bank    Start     End      Length     Class    AvgIns    Name
     00h     0097h     0098h    0002h      ILOCAL   1         _Delay100us (C:\Users\IIIT\Desktop\ADXL345\try1\ADXL345_SPI\ADXL345_SPI.OBJ)
     00h     0097h     0097h    0000h      ILOCAL   0         _builtin_holtek_dtnorm (C:\Program Files\Holtek MCU Development Tools\HT-IDE3000V7.x\LIB\LIBHOLTEKGCC.LIB)
     00h     0097h     0097h    0000h      ILOCAL   0         _builtin_holtek_dtinf (C:\Program Files\Holtek MCU Development Tools\HT-IDE3000V7.x\LIB\LIBHOLTEKGCC.LIB)

     Public Symbols Information
     Address            Public by Name
     00f0h              _ADXL345_SPI_Read
     013eh              _ADXL345_SPI_Write
     00d8h              _Crom2Prom
     00d7h              _Crom2PromNext
     00a6h              _DATAX0
     00a9h              _DATAX1
     00abh              _DATAY0
     00a8h              _DATAY1
     00aah              _DATAZ0
     00a7h              _DATAZ1
     03c0h              _Delay100us
     03aah              _LCD_Cmd
     03b5h              _LCD_Reset
     034fh              _LCD_Senddata
     01adh              _PinSet
     0373h              _PrintLCD
     0193h              __DELAYY0_isr00
     0192h              __DELAYY1_isr00
     0191h              __DELAYY2_isr00
     0190h              __DELAYY3_isr00
     018fh              __DELAYY4_isr00
     018eh              __DELAYY5_isr00
     00e4h              __SPI_CS
     0097h              __SPI_CS_2
     00dah              __SPI_SCL
     004fh              _builtin_holtek_dtdecode1
     0044h              _builtin_holtek_dtdecode2
     00d0h              _builtin_holtek_dtinf
     005ch              _builtin_holtek_dtmul
     009ch              _builtin_holtek_dtnorm
     0057h              _builtin_holtek_dtzero
     005ah              _builtin_holtek_dtzero1
     008ah              _builtin_holtek_exp1
     0093h              _builtin_holtek_exp2
     008ch              _builtin_holtek_floatflag
     0087h              _builtin_holtek_mant1
     008dh              _builtin_holtek_mant12p
     0090h              _builtin_holtek_mant2
     0094h              _builtin_holtek_prod
     008bh              _builtin_holtek_signs
     035ah              _builtin_holtek_udivmodqi4_isr00
     003fh              _builtin_holtek_uitod
     019ch              _delay_ms
     00adh              _deviceID
     00ach              _i
     01ceh              _main
     0180h              _x
     00d7h              _y
     00afh              _z
     0080h              ra
     0081h              rb
     0082h              rc
     0083h              rd
     0084h              re
     0085h              rf
     0086h              rg
     03d3h              startup_value_1

     Address            Public by Value
     003fh              _builtin_holtek_uitod
     0044h              _builtin_holtek_dtdecode2
     004fh              _builtin_holtek_dtdecode1
     0057h              _builtin_holtek_dtzero
     005ah              _builtin_holtek_dtzero1
     005ch              _builtin_holtek_dtmul
     0080h              ra
     0081h              rb
     0082h              rc
     0083h              rd
     0084h              re
     0085h              rf
     0086h              rg
     0087h              _builtin_holtek_mant1
     008ah              _builtin_holtek_exp1
     008bh              _builtin_holtek_signs
     008ch              _builtin_holtek_floatflag
     008dh              _builtin_holtek_mant12p
     0090h              _builtin_holtek_mant2
     0093h              _builtin_holtek_exp2
     0094h              _builtin_holtek_prod
     0097h              __SPI_CS_2
     009ch              _builtin_holtek_dtnorm
     00a6h              _DATAX0
     00a7h              _DATAZ1
     00a8h              _DATAY1
     00a9h              _DATAX1
     00aah              _DATAZ0
     00abh              _DATAY0
     00ach              _i
     00adh              _deviceID
     00afh              _z
     00d0h              _builtin_holtek_dtinf
     00d7h              _Crom2PromNext
     00d7h              _y
     00d8h              _Crom2Prom
     00dah              __SPI_SCL
     00e4h              __SPI_CS
     00f0h              _ADXL345_SPI_Read
     013eh              _ADXL345_SPI_Write
     0180h              _x
     018eh              __DELAYY5_isr00
     018fh              __DELAYY4_isr00
     0190h              __DELAYY3_isr00
     0191h              __DELAYY2_isr00
     0192h              __DELAYY1_isr00
     0193h              __DELAYY0_isr00
     019ch              _delay_ms
     01adh              _PinSet
     01ceh              _main
     034fh              _LCD_Senddata
     035ah              _builtin_holtek_udivmodqi4_isr00
     0373h              _PrintLCD
     03aah              _LCD_Cmd
     03b5h              _LCD_Reset
     03c0h              _Delay100us
     03d3h              startup_value_1


ROM Usage Statistics
    Bank      Size      Used     Percentage
     00h       2000h     03dah    12%
     01h       2000h     0000h    0%
     02h       2000h     0000h    0%
     03h       2000h     0000h    0%
     Total     8000h     03dah    3%

RAM Usage Statistics
    Bank      Size      Used     Percentage
     00h       0080h     007fh    99%
     01h       0080h     0028h    31%
     02h       0080h     0000h    0%
     03h       0080h     0000h    0%
     04h       0080h     0000h    0%
     05h       0080h     0000h    0%
     06h       0080h     0000h    0%
     07h       0080h     0000h    0%
     08h       0080h     0000h    0%
     09h       0080h     0000h    0%
     0ah       0080h     0000h    0%
     0bh       0080h     0000h    0%
     0ch       0080h     0000h    0%
     0dh       0080h     0000h    0%
     0eh       0080h     0000h    0%
     0fh       0080h     0000h    0%
     Total     0800h     00a7h    8%

Use Stack Count
_main: 2
_LCD_Reset: 3
_PrintLCD: 3

Call Tree
    @dummy
        _main (0)
            _PinSet (1)
            _delay_ms (1)
                _builtin_holtek_delay_isr00 (2)
            _ADXL345_SPI_Write (1)
                __SPI_CS (2)
                __SPI_SCL (2)
            _ADXL345_SPI_Read (1)
                __SPI_CS (2)
                __SPI_SCL (2)
            _builtin_holtek_uitod (1)
            _Crom2Prom (1)
            _Crom2Prom (1)
            _builtin_holtek_dtmul (1)
                _builtin_holtek_dtdecode (2)
    _LCD_Reset
        _LCD_Cmd (0)
            _delay_ms (1)
                _builtin_holtek_delay_isr00 (2)
    _PrintLCD
        _builtin_holtek_divmodqi4_isr00 (0)
        _LCD_Senddata (0)
            _delay_ms (1)
                _builtin_holtek_delay_isr00 (2)

HLINK: Program entry point at section '@code' (address 0) of file 'C:\Users\IIIT\Desktop\ADXL345\try1\ADXL345_SPI\ADXL345_SPI.OBJ'

Total 0 error(s), Total 0 Warning(s)
